// Jest Snapshot v1, https://goo.gl/fbAQLP

exports[`Pruebas en <Search/> Debe de mostrarse correctamente con valores por defecto 1`] = `
<div>
  <h1
    className="text-center text-uppercase"
  >
    Heroes database
  </h1>
  <hr />
  <div
    className="row"
  >
    <div
      className="col-sm-5"
    >
      <h2
        className="h2"
      >
        Searching
      </h2>
      <hr />
      <form
        data-testid="formulario"
      >
        <input
          autocomplete="off"
          className="form-control"
          name="searchText"
          placeholder="Example: Wonder Woman"
          type="text"
          value=""
        />
        <button
          className="btn btn-outline-primary mt-2"
        >
          Search
        </button>
      </form>
    </div>
     
    <div
      className="col-sm-7"
    >
      <h2>
        Results
      </h2>
      <hr />
      <div
        className="alert alert-primary"
        data-testid="SearchaHero"
      >
        Search a hero
      </div>
      <div
        className="alert alert-danger"
        data-testid="errorHero"
        style="display: none;"
      >
        The hero 
        <b />
         was not found
      </div>
    </div>
     
  </div>
   
</div>
`;
